<?xml version="1.0" encoding="utf-8"?>
<TestRun id="e42f5977-062b-48e0-89d2-5433a085a6a7" name="Administrator@ASTER-SURFACE 2026-04-25 21:16:19" runUser="ASTER-SURFACE\Administrator" xmlns="http://microsoft.com/schemas/VisualStudio/TeamTest/2010">
  <Times creation="2026-04-25T21:16:19.8264265+08:00" queuing="2026-04-25T21:16:19.8264267+08:00" start="2026-04-25T21:16:18.2090139+08:00" finish="2026-04-25T21:16:19.9753363+08:00" />
  <TestSettings name="default" id="fab23063-0f75-499d-8199-dd87ccea1b23">
    <Deployment runDeploymentRoot="Administrator_ASTER-SURFACE_2026-04-25_21_16_19" />
  </TestSettings>
  <Results>
    <UnitTestResult executionId="3a670f4e-8160-4577-9b58-fb16cdf57801" testId="f21fb96a-c301-1848-e631-f26b2bbcb7e2" testName="Genesis.Toolchain.Tests.GenesisBuildResultTests.TotalDuration_IsRecorded" computerName="ASTER-SURFACE" duration="00:00:00.0058410" startTime="2026-04-25T21:16:19.7662108+08:00" endTime="2026-04-25T21:16:19.7744584+08:00" testType="13cdc9d9-ddb5-4fa4-a97d-d965ccfc6d4b" outcome="Passed" testListId="8c84fa94-04c1-424b-9868-57a2d4851a1d" relativeResultsDirectory="3a670f4e-8160-4577-9b58-fb16cdf57801" />
    <UnitTestResult executionId="424d9ad6-28a3-47b2-aea5-0d9ca249f57f" testId="d7637166-e0ff-5b57-a0c9-8565d3c23b6d" testName="Genesis.Toolchain.Tests.GenesisBuildResultTests.OutputBundles_ContainsPaths" computerName="ASTER-SURFACE" duration="00:00:00.1022350" startTime="2026-04-25T21:16:19.5468065+08:00" endTime="2026-04-25T21:16:19.7658493+08:00" testType="13cdc9d9-ddb5-4fa4-a97d-d965ccfc6d4b" outcome="Passed" testListId="8c84fa94-04c1-424b-9868-57a2d4851a1d" relativeResultsDirectory="424d9ad6-28a3-47b2-aea5-0d9ca249f57f" />
    <UnitTestResult executionId="0cf8d836-d2a9-4f00-b89e-19fb8703fa3f" testId="8782a028-8179-505c-88f4-5f4c48a93603" testName="Genesis.Toolchain.Tests.ShaderFormatHandlerTests.ShaderData_DefaultValues_AreCorrect" computerName="ASTER-SURFACE" duration="00:00:00.0021399" startTime="2026-04-25T21:16:19.7672661+08:00" endTime="2026-04-25T21:16:19.7732980+08:00" testType="13cdc9d9-ddb5-4fa4-a97d-d965ccfc6d4b" outcome="Passed" testListId="8c84fa94-04c1-424b-9868-57a2d4851a1d" relativeResultsDirectory="0cf8d836-d2a9-4f00-b89e-19fb8703fa3f" />
    <UnitTestResult executionId="75d02be9-ed00-4ce5-bd1c-91012fea29b4" testId="e38e9b7e-1b0f-e32a-a700-1761b7d83ee6" testName="Genesis.Toolchain.Tests.ShaderFormatHandlerTests.CanHandle_NonShaderExtensions_ReturnsFalse(path: &quot;test.png&quot;)" computerName="ASTER-SURFACE" duration="00:00:00.0000131" startTime="2026-04-25T21:16:19.7613719+08:00" endTime="2026-04-25T21:16:19.7614847+08:00" testType="13cdc9d9-ddb5-4fa4-a97d-d965ccfc6d4b" outcome="Passed" testListId="8c84fa94-04c1-424b-9868-57a2d4851a1d" relativeResultsDirectory="75d02be9-ed00-4ce5-bd1c-91012fea29b4" />
    <UnitTestResult executionId="625ed4c9-fa3c-4d61-9623-f63eec3f0b48" testId="123010fb-d326-6831-6475-f883aefa299a" testName="Genesis.Toolchain.Tests.GenesisBuildPipelineTests.Dispose_CalledMultipleTimes_DoesNotThrow" computerName="ASTER-SURFACE" duration="00:00:00.0001608" startTime="2026-04-25T21:16:19.7831938+08:00" endTime="2026-04-25T21:16:19.7836308+08:00" testType="13cdc9d9-ddb5-4fa4-a97d-d965ccfc6d4b" outcome="Passed" testListId="8c84fa94-04c1-424b-9868-57a2d4851a1d" relativeResultsDirectory="625ed4c9-fa3c-4d61-9623-f63eec3f0b48" />
    <UnitTestResult executionId="69524017-07fc-432d-bb14-9a3acad791aa" testId="2b62fef5-2d6c-798f-e3b8-7a1ca2878d74" testName="Genesis.Toolchain.Tests.ScriptFormatHandlerTests.CanHandle_NonScriptExtensions_ReturnsFalse(path: &quot;test.gon&quot;)" computerName="ASTER-SURFACE" duration="00:00:00.0001642" startTime="2026-04-25T21:16:19.7677510+08:00" endTime="2026-04-25T21:16:19.7682694+08:00" testType="13cdc9d9-ddb5-4fa4-a97d-d965ccfc6d4b" outcome="Passed" testListId="8c84fa94-04c1-424b-9868-57a2d4851a1d" relativeResultsDirectory="69524017-07fc-432d-bb14-9a3acad791aa" />
    <UnitTestResult executionId="a6746118-783e-494b-a4c8-8ccd1748f570" testId="cd4b70c9-b5a9-5106-24e9-94d6ef94eee8" testName="Genesis.Toolchain.Tests.ScriptFormatHandlerTests.CanHandle_NonScriptExtensions_ReturnsFalse(path: &quot;test.cs&quot;)" computerName="ASTER-SURFACE" duration="00:00:00.0002993" startTime="2026-04-25T21:16:19.7701573+08:00" endTime="2026-04-25T21:16:19.7706824+08:00" testType="13cdc9d9-ddb5-4fa4-a97d-d965ccfc6d4b" outcome="Passed" testListId="8c84fa94-04c1-424b-9868-57a2d4851a1d" relativeResultsDirectory="a6746118-783e-494b-a4c8-8ccd1748f570" />
    <UnitTestResult executionId="76f91163-3445-4578-9f03-81476fe992e5" testId="22b36353-dc5d-0c30-347d-ba664783dc96" testName="Genesis.Toolchain.Tests.GenesisProjectBuilderTests.Constructor_NullFormatRegistry_ThrowsArgumentNullException" computerName="ASTER-SURFACE" duration="00:00:00.0678469" startTime="2026-04-25T21:16:19.5475056+08:00" endTime="2026-04-25T21:16:19.6282707+08:00" testType="13cdc9d9-ddb5-4fa4-a97d-d965ccfc6d4b" outcome="Passed" testListId="8c84fa94-04c1-424b-9868-57a2d4851a1d" relativeResultsDirectory="76f91163-3445-4578-9f03-81476fe992e5" />
    <UnitTestResult executionId="d8e97525-8417-452a-8bf7-0261c568bcc6" testId="bcbb6c3f-6aab-25a6-ee74-33e75bc4cc9b" testName="Genesis.Toolchain.Tests.GenesisBuildResultTests.IsSuccess_NoFailures_ReturnsTrue" computerName="ASTER-SURFACE" duration="00:00:00.0003636" startTime="2026-04-25T21:16:19.7784471+08:00" endTime="2026-04-25T21:16:19.7786197+08:00" testType="13cdc9d9-ddb5-4fa4-a97d-d965ccfc6d4b" outcome="Passed" testListId="8c84fa94-04c1-424b-9868-57a2d4851a1d" relativeResultsDirectory="d8e97525-8417-452a-8bf7-0261c568bcc6" />
    <UnitTestResult executionId="c3e84ef1-c4aa-4941-8c09-386b09ca222e" testId="0bf6aae5-eb65-1ff0-6ea7-6f1b0813dc88" testName="Genesis.Toolchain.Tests.GenesisBuildResultTests.IsSuccess_WithFailures_ReturnsFalse" computerName="ASTER-SURFACE" duration="00:00:00.0004592" startTime="2026-04-25T21:16:19.7790865+08:00" endTime="2026-04-25T21:16:19.7813932+08:00" testType="13cdc9d9-ddb5-4fa4-a97d-d965ccfc6d4b" outcome="Passed" testListId="8c84fa94-04c1-424b-9868-57a2d4851a1d" relativeResultsDirectory="c3e84ef1-c4aa-4941-8c09-386b09ca222e" />
    <UnitTestResult executionId="15a0153c-93bf-4309-97f3-b0a1c8327a5f" testId="90b19c9f-ff1d-e3ab-989c-97675a6849c8" testName="Genesis.Toolchain.Tests.ShaderFormatHandlerTests.CanHandle_NonShaderExtensions_ReturnsFalse(path: &quot;test.script&quot;)" computerName="ASTER-SURFACE" duration="00:00:00.0000080" startTime="2026-04-25T21:16:19.7617352+08:00" endTime="2026-04-25T21:16:19.7618633+08:00" testType="13cdc9d9-ddb5-4fa4-a97d-d965ccfc6d4b" outcome="Passed" testListId="8c84fa94-04c1-424b-9868-57a2d4851a1d" relativeResultsDirectory="15a0153c-93bf-4309-97f3-b0a1c8327a5f" />
    <UnitTestResult executionId="63093a8b-8b6f-4ef3-a770-6d04dbaf377e" testId="ab4e468a-7082-f452-e1d5-6b061115687a" testName="Genesis.Toolchain.Tests.FormatRegistryIntegrationTests.RegisterAllGenesisHandlers_AllDiscoverable" computerName="ASTER-SURFACE" duration="00:00:00.0737552" startTime="2026-04-25T21:16:19.5476157+08:00" endTime="2026-04-25T21:16:19.6547877+08:00" testType="13cdc9d9-ddb5-4fa4-a97d-d965ccfc6d4b" outcome="Passed" testListId="8c84fa94-04c1-424b-9868-57a2d4851a1d" relativeResultsDirectory="63093a8b-8b6f-4ef3-a770-6d04dbaf377e" />
    <UnitTestResult executionId="37a24bbe-032e-46f7-a7f3-024313e14178" testId="a4bf06fd-4a17-14dc-d820-287f475039c4" testName="Genesis.Toolchain.Tests.ShaderFormatHandlerTests.CanHandle_ShaderExtensions_ReturnsTrue(path: &quot;test.ggshader&quot;)" computerName="ASTER-SURFACE" duration="00:00:00.0000082" startTime="2026-04-25T21:16:19.7601607+08:00" endTime="2026-04-25T21:16:19.7603298+08:00" testType="13cdc9d9-ddb5-4fa4-a97d-d965ccfc6d4b" outcome="Passed" testListId="8c84fa94-04c1-424b-9868-57a2d4851a1d" relativeResultsDirectory="37a24bbe-032e-46f7-a7f3-024313e14178" />
    <UnitTestResult executionId="6ff522e7-4136-4b62-8ef0-752c7a29b8a3" testId="aaaa2930-5bec-f7e1-3ab7-84c9568db7ca" testName="Genesis.Toolchain.Tests.GenesisBuildOptionsTests.DefaultValues_AreCorrect" computerName="ASTER-SURFACE" duration="00:00:00.0003149" startTime="2026-04-25T21:16:19.7681511+08:00" endTime="2026-04-25T21:16:19.7703497+08:00" testType="13cdc9d9-ddb5-4fa4-a97d-d965ccfc6d4b" outcome="Passed" testListId="8c84fa94-04c1-424b-9868-57a2d4851a1d" relativeResultsDirectory="6ff522e7-4136-4b62-8ef0-752c7a29b8a3" />
    <UnitTestResult executionId="1ce9ae3a-4bc8-4e1e-be46-017bec8bb585" testId="489d3624-f869-af41-e5e6-ad1892889093" testName="Genesis.Toolchain.Tests.GenesisBuildResultTests.HasErrors_WithFailedAssets_ReturnsTrue" computerName="ASTER-SURFACE" duration="00:00:00.0005901" startTime="2026-04-25T21:16:19.7751894+08:00" endTime="2026-04-25T21:16:19.7754029+08:00" testType="13cdc9d9-ddb5-4fa4-a97d-d965ccfc6d4b" outcome="Passed" testListId="8c84fa94-04c1-424b-9868-57a2d4851a1d" relativeResultsDirectory="1ce9ae3a-4bc8-4e1e-be46-017bec8bb585" />
    <UnitTestResult executionId="41ce02b6-1c65-4c9c-8b82-5198b150c5b9" testId="e666defc-2806-92fa-754b-ccd5d1ee507c" testName="Genesis.Toolchain.Tests.FormatRegistryIntegrationTests.RegisterScriptAndShaderHandlers_BothDiscoverable" computerName="ASTER-SURFACE" duration="00:00:00.0001863" startTime="2026-04-25T21:16:19.7509714+08:00" endTime="2026-04-25T21:16:19.7512129+08:00" testType="13cdc9d9-ddb5-4fa4-a97d-d965ccfc6d4b" outcome="Passed" testListId="8c84fa94-04c1-424b-9868-57a2d4851a1d" relativeResultsDirectory="41ce02b6-1c65-4c9c-8b82-5198b150c5b9" />
    <UnitTestResult executionId="4df1c7cc-ba06-4cc8-9801-93f89dea3f62" testId="624fa080-2366-966d-60a3-4ce4ef3efa05" testName="Genesis.Toolchain.Tests.ScriptFormatHandlerTests.CanHandle_ScriptExtensions_ReturnsTrue(path: &quot;path/to/my_system.script&quot;)" computerName="ASTER-SURFACE" duration="00:00:00.0002987" startTime="2026-04-25T21:16:19.6551604+08:00" endTime="2026-04-25T21:16:19.6553237+08:00" testType="13cdc9d9-ddb5-4fa4-a97d-d965ccfc6d4b" outcome="Passed" testListId="8c84fa94-04c1-424b-9868-57a2d4851a1d" relativeResultsDirectory="4df1c7cc-ba06-4cc8-9801-93f89dea3f62" />
    <UnitTestResult executionId="8813c747-2c7d-4f71-8dd8-e4bcdcf311d6" testId="f1c7ef96-3b65-0ae1-f148-73b453098b7d" testName="Genesis.Toolchain.Tests.ShaderFormatHandlerTests.CanHandle_ShaderExtensions_ReturnsTrue(path: &quot;path/to/belt.shader&quot;)" computerName="ASTER-SURFACE" duration="00:00:00.0002982" startTime="2026-04-25T21:16:19.7552374+08:00" endTime="2026-04-25T21:16:19.7554324+08:00" testType="13cdc9d9-ddb5-4fa4-a97d-d965ccfc6d4b" outcome="Passed" testListId="8c84fa94-04c1-424b-9868-57a2d4851a1d" relativeResultsDirectory="8813c747-2c7d-4f71-8dd8-e4bcdcf311d6" />
    <UnitTestResult executionId="790d7cd5-ca9c-4a78-95f5-bb75a0b4af23" testId="96644f39-d889-33b7-e9b9-0927a6d8b6cc" testName="Genesis.Toolchain.Tests.GenesisBuildOptionsTests.AllPlatformTypes_CanBeSet" computerName="ASTER-SURFACE" duration="00:00:00.1015903" startTime="2026-04-25T21:16:19.5475728+08:00" endTime="2026-04-25T21:16:19.7629765+08:00" testType="13cdc9d9-ddb5-4fa4-a97d-d965ccfc6d4b" outcome="Passed" testListId="8c84fa94-04c1-424b-9868-57a2d4851a1d" relativeResultsDirectory="790d7cd5-ca9c-4a78-95f5-bb75a0b4af23" />
    <UnitTestResult executionId="9a40d612-d08e-41e5-98e6-22097ea71efd" testId="83748ce4-4c21-79e9-1ba9-6e6cb099ab37" testName="Genesis.Toolchain.Tests.FormatRegistryIntegrationTests.GetHandler_ByPath_GonFile_NoMatchInScriptOrShader" computerName="ASTER-SURFACE" duration="00:00:00.0003182" startTime="2026-04-25T21:16:19.7516584+08:00" endTime="2026-04-25T21:16:19.7518617+08:00" testType="13cdc9d9-ddb5-4fa4-a97d-d965ccfc6d4b" outcome="Passed" testListId="8c84fa94-04c1-424b-9868-57a2d4851a1d" relativeResultsDirectory="9a40d612-d08e-41e5-98e6-22097ea71efd" />
    <UnitTestResult executionId="1da14572-33ba-45cf-b52f-3b5b5f313ed6" testId="16b46eb4-5fb5-ba7f-cc6d-f3f2f5306327" testName="Genesis.Toolchain.Tests.ScriptFormatHandlerTests.SupportedFormat_IsScript" computerName="ASTER-SURFACE" duration="00:00:00.0001596" startTime="2026-04-25T21:16:19.7718006+08:00" endTime="2026-04-25T21:16:19.7719448+08:00" testType="13cdc9d9-ddb5-4fa4-a97d-d965ccfc6d4b" outcome="Passed" testListId="8c84fa94-04c1-424b-9868-57a2d4851a1d" relativeResultsDirectory="1da14572-33ba-45cf-b52f-3b5b5f313ed6" />
    <UnitTestResult executionId="7ed40f5b-949b-4661-9697-c79d80078a51" testId="bd2cc2d0-15ce-d5cf-1120-3bb9c5aa80f4" testName="Genesis.Toolchain.Tests.ScriptFormatHandlerTests.CanHandle_ScriptExtensions_ReturnsTrue(path: &quot;test.ggscript&quot;)" computerName="ASTER-SURFACE" duration="00:00:00.0000075" startTime="2026-04-25T21:16:19.7403326+08:00" endTime="2026-04-25T21:16:19.7405042+08:00" testType="13cdc9d9-ddb5-4fa4-a97d-d965ccfc6d4b" outcome="Passed" testListId="8c84fa94-04c1-424b-9868-57a2d4851a1d" relativeResultsDirectory="7ed40f5b-949b-4661-9697-c79d80078a51" />
    <UnitTestResult executionId="0b85073b-4d44-49da-b341-ada3ee4d7846" testId="59b14fee-0174-f757-71f2-c52a3a1fa95c" testName="Genesis.Toolchain.Tests.GenesisBuildOptionsTests.CustomValues_ArePreserved" computerName="ASTER-SURFACE" duration="00:00:00.0026817" startTime="2026-04-25T21:16:19.7633333+08:00" endTime="2026-04-25T21:16:19.7678728+08:00" testType="13cdc9d9-ddb5-4fa4-a97d-d965ccfc6d4b" outcome="Passed" testListId="8c84fa94-04c1-424b-9868-57a2d4851a1d" relativeResultsDirectory="0b85073b-4d44-49da-b341-ada3ee4d7846" />
    <UnitTestResult executionId="c6e3ff7c-cc85-4c49-b87a-741e6a5961fa" testId="1b6bc129-224c-6255-6c17-7f7fbaef96c6" testName="Genesis.Toolchain.Tests.GenesisBuildPipelineTests.Constructor_NullFormatRegistry_ThrowsArgumentNullException" computerName="ASTER-SURFACE" duration="00:00:00.0018011" startTime="2026-04-25T21:16:19.7840522+08:00" endTime="2026-04-25T21:16:19.7843105+08:00" testType="13cdc9d9-ddb5-4fa4-a97d-d965ccfc6d4b" outcome="Passed" testListId="8c84fa94-04c1-424b-9868-57a2d4851a1d" relativeResultsDirectory="c6e3ff7c-cc85-4c49-b87a-741e6a5961fa" />
    <UnitTestResult executionId="6f1872b3-cf7f-4ff0-9f90-fa145c40e618" testId="5c1b4c8b-dc00-4d1d-0c10-57a45c0e1738" testName="Genesis.Toolchain.Tests.ScriptFormatHandlerTests.CanHandle_ScriptExtensions_ReturnsTrue(path: &quot;test.script&quot;)" computerName="ASTER-SURFACE" duration="00:00:00.0678914" startTime="2026-04-25T21:16:19.5501968+08:00" endTime="2026-04-25T21:16:19.6376939+08:00" testType="13cdc9d9-ddb5-4fa4-a97d-d965ccfc6d4b" outcome="Passed" testListId="8c84fa94-04c1-424b-9868-57a2d4851a1d" relativeResultsDirectory="6f1872b3-cf7f-4ff0-9f90-fa145c40e618" />
    <UnitTestResult executionId="b30bfe6b-ec2b-443e-aecd-c71e481f7539" testId="01b309c9-24da-1a17-27cc-041f3d0e342e" testName="Genesis.Toolchain.Tests.FormatRegistryIntegrationTests.GetHandler_ByPath_ScriptFile_ReturnsScriptHandler" computerName="ASTER-SURFACE" duration="00:00:00.0003327" startTime="2026-04-25T21:16:19.7503425+08:00" endTime="2026-04-25T21:16:19.7504781+08:00" testType="13cdc9d9-ddb5-4fa4-a97d-d965ccfc6d4b" outcome="Passed" testListId="8c84fa94-04c1-424b-9868-57a2d4851a1d" relativeResultsDirectory="b30bfe6b-ec2b-443e-aecd-c71e481f7539" />
    <UnitTestResult executionId="9542cfc5-8d63-4256-afd5-093e8b2bd8aa" testId="2c19665b-1f91-2a42-cea5-a8a6912a1f2e" testName="Genesis.Toolchain.Tests.GenesisBuildPipelineTests.BuildAsync_WithoutInitialize_ThrowsInvalidOperationException" computerName="ASTER-SURFACE" duration="00:00:00.1563477" startTime="2026-04-25T21:16:19.5503475+08:00" endTime="2026-04-25T21:16:19.7818920+08:00" testType="13cdc9d9-ddb5-4fa4-a97d-d965ccfc6d4b" outcome="Passed" testListId="8c84fa94-04c1-424b-9868-57a2d4851a1d" relativeResultsDirectory="9542cfc5-8d63-4256-afd5-093e8b2bd8aa" />
    <UnitTestResult executionId="ca960c9f-1dc7-4901-b555-f2f8d591d165" testId="87a96493-7402-0c03-9c0f-3ef106bd06a7" testName="Genesis.Toolchain.Tests.ScriptFormatHandlerTests.ScriptData_WithValues_Preserved" computerName="ASTER-SURFACE" duration="00:00:00.0274082" startTime="2026-04-25T21:16:19.7454326+08:00" endTime="2026-04-25T21:16:19.7634538+08:00" testType="13cdc9d9-ddb5-4fa4-a97d-d965ccfc6d4b" outcome="Passed" testListId="8c84fa94-04c1-424b-9868-57a2d4851a1d" relativeResultsDirectory="ca960c9f-1dc7-4901-b555-f2f8d591d165" />
    <UnitTestResult executionId="78a749b2-bccc-4424-ba72-219e68a4f2b4" testId="6d8dbb75-f0f6-ecc2-7515-2f4bc835ea47" testName="Genesis.Toolchain.Tests.ShaderFormatHandlerTests.CanHandle_ShaderExtensions_ReturnsTrue(path: &quot;test.gnosis-shader&quot;)" computerName="ASTER-SURFACE" duration="00:00:00.0000121" startTime="2026-04-25T21:16:19.7557773+08:00" endTime="2026-04-25T21:16:19.7559410+08:00" testType="13cdc9d9-ddb5-4fa4-a97d-d965ccfc6d4b" outcome="Passed" testListId="8c84fa94-04c1-424b-9868-57a2d4851a1d" relativeResultsDirectory="78a749b2-bccc-4424-ba72-219e68a4f2b4" />
    <UnitTestResult executionId="86c57ead-3c57-4471-8700-7d08c8599120" testId="cff5db6c-19f8-8a6d-09c4-61eb5e83dca8" testName="Genesis.Toolchain.Tests.ShaderFormatHandlerTests.CanHandle_NonShaderExtensions_ReturnsFalse(path: &quot;test.cs&quot;)" computerName="ASTER-SURFACE" duration="00:00:00.0003613" startTime="2026-04-25T21:16:19.7610447+08:00" endTime="2026-04-25T21:16:19.7611670+08:00" testType="13cdc9d9-ddb5-4fa4-a97d-d965ccfc6d4b" outcome="Passed" testListId="8c84fa94-04c1-424b-9868-57a2d4851a1d" relativeResultsDirectory="86c57ead-3c57-4471-8700-7d08c8599120" />
    <UnitTestResult executionId="9b679e6d-7fe7-4ee2-9648-c651a0af9ad9" testId="1a0695eb-7f75-b214-ce81-f3ace45ee4a4" testName="Genesis.Toolchain.Tests.FormatRegistryIntegrationTests.GetHandler_ByPath_ShaderFile_ReturnsShaderHandler" computerName="ASTER-SURFACE" duration="00:00:00.0101299" startTime="2026-04-25T21:16:19.7452401+08:00" endTime="2026-04-25T21:16:19.7497970+08:00" testType="13cdc9d9-ddb5-4fa4-a97d-d965ccfc6d4b" outcome="Passed" testListId="8c84fa94-04c1-424b-9868-57a2d4851a1d" relativeResultsDirectory="9b679e6d-7fe7-4ee2-9648-c651a0af9ad9" />
    <UnitTestResult executionId="eea849e9-3df5-4c23-90da-3980a091717e" testId="566c985f-f4a9-96bc-2f04-3241f9203ed1" testName="Genesis.Toolchain.Tests.ShaderFormatHandlerTests.ShaderData_WithValues_Preserved" computerName="ASTER-SURFACE" duration="00:00:00.0017610" startTime="2026-04-25T21:16:19.7628138+08:00" endTime="2026-04-25T21:16:19.7663545+08:00" testType="13cdc9d9-ddb5-4fa4-a97d-d965ccfc6d4b" outcome="Passed" testListId="8c84fa94-04c1-424b-9868-57a2d4851a1d" relativeResultsDirectory="eea849e9-3df5-4c23-90da-3980a091717e" />
    <UnitTestResult executionId="50197feb-0921-4af0-90d4-f797b8ca39da" testId="2ca734de-914d-e027-c7e8-ef77b177c9a9" testName="Genesis.Toolchain.Tests.ScriptFormatHandlerTests.CanHandle_NonScriptExtensions_ReturnsFalse(path: &quot;test.txt&quot;)" computerName="ASTER-SURFACE" duration="00:00:00.0000133" startTime="2026-04-25T21:16:19.7709268+08:00" endTime="2026-04-25T21:16:19.7710662+08:00" testType="13cdc9d9-ddb5-4fa4-a97d-d965ccfc6d4b" outcome="Passed" testListId="8c84fa94-04c1-424b-9868-57a2d4851a1d" relativeResultsDirectory="50197feb-0921-4af0-90d4-f797b8ca39da" />
    <UnitTestResult executionId="ee120ee2-1d16-4090-82dc-136b6a44b011" testId="03d847dd-b5d5-f70f-48fe-cdb5fa607f4f" testName="Genesis.Toolchain.Tests.ShaderFormatHandlerTests.ValidateAsync_NonExistentFile_ReturnsFalse" computerName="ASTER-SURFACE" duration="00:00:00.0046053" startTime="2026-04-25T21:16:19.7622508+08:00" endTime="2026-04-25T21:16:19.7624059+08:00" testType="13cdc9d9-ddb5-4fa4-a97d-d965ccfc6d4b" outcome="Passed" testListId="8c84fa94-04c1-424b-9868-57a2d4851a1d" relativeResultsDirectory="ee120ee2-1d16-4090-82dc-136b6a44b011" />
    <UnitTestResult executionId="32f62b06-d5ee-4e5b-b6e1-d8f6b3c745fe" testId="7c7b5edb-7a68-5126-5f98-7aef08958162" testName="Genesis.Toolchain.Tests.ScriptFormatHandlerTests.CanHandle_ScriptExtensions_ReturnsTrue(path: &quot;test.gnosis-script&quot;)" computerName="ASTER-SURFACE" duration="00:00:00.0000118" startTime="2026-04-25T21:16:19.6556725+08:00" endTime="2026-04-25T21:16:19.6558196+08:00" testType="13cdc9d9-ddb5-4fa4-a97d-d965ccfc6d4b" outcome="Passed" testListId="8c84fa94-04c1-424b-9868-57a2d4851a1d" relativeResultsDirectory="32f62b06-d5ee-4e5b-b6e1-d8f6b3c745fe" />
    <UnitTestResult executionId="969cdb55-1177-4c57-a2b2-af9e40442492" testId="c9c260d1-2111-49e9-964f-82e5b8fb49e0" testName="Genesis.Toolchain.Tests.ShaderFormatHandlerTests.SupportedFormat_IsShader" computerName="ASTER-SURFACE" duration="00:00:00.0002169" startTime="2026-04-25T21:16:19.7667655+08:00" endTime="2026-04-25T21:16:19.7668986+08:00" testType="13cdc9d9-ddb5-4fa4-a97d-d965ccfc6d4b" outcome="Passed" testListId="8c84fa94-04c1-424b-9868-57a2d4851a1d" relativeResultsDirectory="969cdb55-1177-4c57-a2b2-af9e40442492" />
    <UnitTestResult executionId="1daa8409-bcf0-4e9a-bc04-ba1f2494d8d0" testId="3ca73a89-d3cf-1eb2-75b8-2159b9de9728" testName="Genesis.Toolchain.Tests.ScriptFormatHandlerTests.CanHandle_NonScriptExtensions_ReturnsFalse(path: &quot;test.shader&quot;)" computerName="ASTER-SURFACE" duration="00:00:00.0000135" startTime="2026-04-25T21:16:19.7712964+08:00" endTime="2026-04-25T21:16:19.7714118+08:00" testType="13cdc9d9-ddb5-4fa4-a97d-d965ccfc6d4b" outcome="Passed" testListId="8c84fa94-04c1-424b-9868-57a2d4851a1d" relativeResultsDirectory="1daa8409-bcf0-4e9a-bc04-ba1f2494d8d0" />
    <UnitTestResult executionId="90ac1797-12e7-4336-85ce-d70acf96a9d6" testId="6ea3e9cf-9510-ab7d-fd23-b61929a9868f" testName="Genesis.Toolchain.Tests.ScriptFormatHandlerTests.ValidateAsync_NonExistentFile_ReturnsFalse" computerName="ASTER-SURFACE" duration="00:00:00.0021963" startTime="2026-04-25T21:16:19.7656502+08:00" endTime="2026-04-25T21:16:19.7673980+08:00" testType="13cdc9d9-ddb5-4fa4-a97d-d965ccfc6d4b" outcome="Passed" testListId="8c84fa94-04c1-424b-9868-57a2d4851a1d" relativeResultsDirectory="90ac1797-12e7-4336-85ce-d70acf96a9d6" />
    <UnitTestResult executionId="a63b88ab-ccc6-4c2c-a10d-85f8e7a48f47" testId="4941fada-bce0-b3c8-6b48-d55678cba4fb" testName="Genesis.Toolchain.Tests.ScriptFormatHandlerTests.ScriptData_DefaultValues_AreCorrect" computerName="ASTER-SURFACE" duration="00:00:00.0007314" startTime="2026-04-25T21:16:19.7731370+08:00" endTime="2026-04-25T21:16:19.7740558+08:00" testType="13cdc9d9-ddb5-4fa4-a97d-d965ccfc6d4b" outcome="Passed" testListId="8c84fa94-04c1-424b-9868-57a2d4851a1d" relativeResultsDirectory="a63b88ab-ccc6-4c2c-a10d-85f8e7a48f47" />
    <UnitTestResult executionId="a7c8d37b-b053-4774-b048-f487f11fe39d" testId="56f6c1bc-6d35-3bbf-0c2a-31114eced112" testName="Genesis.Toolchain.Tests.ShaderFormatHandlerTests.CanHandle_NonShaderExtensions_ReturnsFalse(path: &quot;test.gon&quot;)" computerName="ASTER-SURFACE" duration="00:00:00.0005415" startTime="2026-04-25T21:16:19.7607003+08:00" endTime="2026-04-25T21:16:19.7608160+08:00" testType="13cdc9d9-ddb5-4fa4-a97d-d965ccfc6d4b" outcome="Passed" testListId="8c84fa94-04c1-424b-9868-57a2d4851a1d" relativeResultsDirectory="a7c8d37b-b053-4774-b048-f487f11fe39d" />
    <UnitTestResult executionId="6d4fb6b7-d876-4bbe-9e8f-24abd00985dc" testId="73d1763e-10ee-4483-6c18-53f542c48da4" testName="Genesis.Toolchain.Tests.ShaderFormatHandlerTests.CanHandle_ShaderExtensions_ReturnsTrue(path: &quot;test.shader&quot;)" computerName="ASTER-SURFACE" duration="00:00:00.0948017" startTime="2026-04-25T21:16:19.5429061+08:00" endTime="2026-04-25T21:16:19.7546981+08:00" testType="13cdc9d9-ddb5-4fa4-a97d-d965ccfc6d4b" outcome="Passed" testListId="8c84fa94-04c1-424b-9868-57a2d4851a1d" relativeResultsDirectory="6d4fb6b7-d876-4bbe-9e8f-24abd00985dc" />
  </Results>
  <TestDefinitions>
    <UnitTest name="Genesis.Toolchain.Tests.GenesisBuildPipelineTests.Dispose_CalledMultipleTimes_DoesNotThrow" storage="d:\riderprojects\genesisengine\projects\genesis\tests\genesis.toolchain.tests\bin\release\net11.0\genesis.toolchain.tests.dll" id="123010fb-d326-6831-6475-f883aefa299a">
      <Execution id="625ed4c9-fa3c-4d61-9623-f63eec3f0b48" />
      <TestMethod codeBase="D:\RiderProjects\GenesisEngine\projects\Genesis\tests\Genesis.Toolchain.Tests\bin\Release\net11.0\Genesis.Toolchain.Tests.dll" adapterTypeName="executor://xunit/VsTestRunner3/netcore/" className="Genesis.Toolchain.Tests.GenesisBuildPipelineTests" name="Dispose_CalledMultipleTimes_DoesNotThrow" />
    </UnitTest>
    <UnitTest name="Genesis.Toolchain.Tests.ScriptFormatHandlerTests.SupportedFormat_IsScript" storage="d:\riderprojects\genesisengine\projects\genesis\tests\genesis.toolchain.tests\bin\release\net11.0\genesis.toolchain.tests.dll" id="16b46eb4-5fb5-ba7f-cc6d-f3f2f5306327">
      <Execution id="1da14572-33ba-45cf-b52f-3b5b5f313ed6" />
      <TestMethod codeBase="D:\RiderProjects\GenesisEngine\projects\Genesis\tests\Genesis.Toolchain.Tests\bin\Release\net11.0\Genesis.Toolchain.Tests.dll" adapterTypeName="executor://xunit/VsTestRunner3/netcore/" className="Genesis.Toolchain.Tests.ScriptFormatHandlerTests" name="SupportedFormat_IsScript" />
    </UnitTest>
    <UnitTest name="Genesis.Toolchain.Tests.ScriptFormatHandlerTests.CanHandle_NonScriptExtensions_ReturnsFalse(path: &quot;test.gon&quot;)" storage="d:\riderprojects\genesisengine\projects\genesis\tests\genesis.toolchain.tests\bin\release\net11.0\genesis.toolchain.tests.dll" id="2b62fef5-2d6c-798f-e3b8-7a1ca2878d74">
      <Execution id="69524017-07fc-432d-bb14-9a3acad791aa" />
      <TestMethod codeBase="D:\RiderProjects\GenesisEngine\projects\Genesis\tests\Genesis.Toolchain.Tests\bin\Release\net11.0\Genesis.Toolchain.Tests.dll" adapterTypeName="executor://xunit/VsTestRunner3/netcore/" className="Genesis.Toolchain.Tests.ScriptFormatHandlerTests" name="CanHandle_NonScriptExtensions_ReturnsFalse" />
    </UnitTest>
    <UnitTest name="Genesis.Toolchain.Tests.FormatRegistryIntegrationTests.RegisterScriptAndShaderHandlers_BothDiscoverable" storage="d:\riderprojects\genesisengine\projects\genesis\tests\genesis.toolchain.tests\bin\release\net11.0\genesis.toolchain.tests.dll" id="e666defc-2806-92fa-754b-ccd5d1ee507c">
      <Execution id="41ce02b6-1c65-4c9c-8b82-5198b150c5b9" />
      <TestMethod codeBase="D:\RiderProjects\GenesisEngine\projects\Genesis\tests\Genesis.Toolchain.Tests\bin\Release\net11.0\Genesis.Toolchain.Tests.dll" adapterTypeName="executor://xunit/VsTestRunner3/netcore/" className="Genesis.Toolchain.Tests.FormatRegistryIntegrationTests" name="RegisterScriptAndShaderHandlers_BothDiscoverable" />
    </UnitTest>
    <UnitTest name="Genesis.Toolchain.Tests.GenesisBuildResultTests.OutputBundles_ContainsPaths" storage="d:\riderprojects\genesisengine\projects\genesis\tests\genesis.toolchain.tests\bin\release\net11.0\genesis.toolchain.tests.dll" id="d7637166-e0ff-5b57-a0c9-8565d3c23b6d">
      <Execution id="424d9ad6-28a3-47b2-aea5-0d9ca249f57f" />
      <TestMethod codeBase="D:\RiderProjects\GenesisEngine\projects\Genesis\tests\Genesis.Toolchain.Tests\bin\Release\net11.0\Genesis.Toolchain.Tests.dll" adapterTypeName="executor://xunit/VsTestRunner3/netcore/" className="Genesis.Toolchain.Tests.GenesisBuildResultTests" name="OutputBundles_ContainsPaths" />
    </UnitTest>
    <UnitTest name="Genesis.Toolchain.Tests.ShaderFormatHandlerTests.CanHandle_NonShaderExtensions_ReturnsFalse(path: &quot;test.script&quot;)" storage="d:\riderprojects\genesisengine\projects\genesis\tests\genesis.toolchain.tests\bin\release\net11.0\genesis.toolchain.tests.dll" id="90b19c9f-ff1d-e3ab-989c-97675a6849c8">
      <Execution id="15a0153c-93bf-4309-97f3-b0a1c8327a5f" />
      <TestMethod codeBase="D:\RiderProjects\GenesisEngine\projects\Genesis\tests\Genesis.Toolchain.Tests\bin\Release\net11.0\Genesis.Toolchain.Tests.dll" adapterTypeName="executor://xunit/VsTestRunner3/netcore/" className="Genesis.Toolchain.Tests.ShaderFormatHandlerTests" name="CanHandle_NonShaderExtensions_ReturnsFalse" />
    </UnitTest>
    <UnitTest name="Genesis.Toolchain.Tests.GenesisBuildResultTests.IsSuccess_NoFailures_ReturnsTrue" storage="d:\riderprojects\genesisengine\projects\genesis\tests\genesis.toolchain.tests\bin\release\net11.0\genesis.toolchain.tests.dll" id="bcbb6c3f-6aab-25a6-ee74-33e75bc4cc9b">
      <Execution id="d8e97525-8417-452a-8bf7-0261c568bcc6" />
      <TestMethod codeBase="D:\RiderProjects\GenesisEngine\projects\Genesis\tests\Genesis.Toolchain.Tests\bin\Release\net11.0\Genesis.Toolchain.Tests.dll" adapterTypeName="executor://xunit/VsTestRunner3/netcore/" className="Genesis.Toolchain.Tests.GenesisBuildResultTests" name="IsSuccess_NoFailures_ReturnsTrue" />
    </UnitTest>
    <UnitTest name="Genesis.Toolchain.Tests.ShaderFormatHandlerTests.CanHandle_ShaderExtensions_ReturnsTrue(path: &quot;test.shader&quot;)" storage="d:\riderprojects\genesisengine\projects\genesis\tests\genesis.toolchain.tests\bin\release\net11.0\genesis.toolchain.tests.dll" id="73d1763e-10ee-4483-6c18-53f542c48da4">
      <Execution id="6d4fb6b7-d876-4bbe-9e8f-24abd00985dc" />
      <TestMethod codeBase="D:\RiderProjects\GenesisEngine\projects\Genesis\tests\Genesis.Toolchain.Tests\bin\Release\net11.0\Genesis.Toolchain.Tests.dll" adapterTypeName="executor://xunit/VsTestRunner3/netcore/" className="Genesis.Toolchain.Tests.ShaderFormatHandlerTests" name="CanHandle_ShaderExtensions_ReturnsTrue" />
    </UnitTest>
    <UnitTest name="Genesis.Toolchain.Tests.ScriptFormatHandlerTests.CanHandle_NonScriptExtensions_ReturnsFalse(path: &quot;test.cs&quot;)" storage="d:\riderprojects\genesisengine\projects\genesis\tests\genesis.toolchain.tests\bin\release\net11.0\genesis.toolchain.tests.dll" id="cd4b70c9-b5a9-5106-24e9-94d6ef94eee8">
      <Execution id="a6746118-783e-494b-a4c8-8ccd1748f570" />
      <TestMethod codeBase="D:\RiderProjects\GenesisEngine\projects\Genesis\tests\Genesis.Toolchain.Tests\bin\Release\net11.0\Genesis.Toolchain.Tests.dll" adapterTypeName="executor://xunit/VsTestRunner3/netcore/" className="Genesis.Toolchain.Tests.ScriptFormatHandlerTests" name="CanHandle_NonScriptExtensions_ReturnsFalse" />
    </UnitTest>
    <UnitTest name="Genesis.Toolchain.Tests.FormatRegistryIntegrationTests.GetHandler_ByPath_ScriptFile_ReturnsScriptHandler" storage="d:\riderprojects\genesisengine\projects\genesis\tests\genesis.toolchain.tests\bin\release\net11.0\genesis.toolchain.tests.dll" id="01b309c9-24da-1a17-27cc-041f3d0e342e">
      <Execution id="b30bfe6b-ec2b-443e-aecd-c71e481f7539" />
      <TestMethod codeBase="D:\RiderProjects\GenesisEngine\projects\Genesis\tests\Genesis.Toolchain.Tests\bin\Release\net11.0\Genesis.Toolchain.Tests.dll" adapterTypeName="executor://xunit/VsTestRunner3/netcore/" className="Genesis.Toolchain.Tests.FormatRegistryIntegrationTests" name="GetHandler_ByPath_ScriptFile_ReturnsScriptHandler" />
    </UnitTest>
    <UnitTest name="Genesis.Toolchain.Tests.ScriptFormatHandlerTests.ScriptData_WithValues_Preserved" storage="d:\riderprojects\genesisengine\projects\genesis\tests\genesis.toolchain.tests\bin\release\net11.0\genesis.toolchain.tests.dll" id="87a96493-7402-0c03-9c0f-3ef106bd06a7">
      <Execution id="ca960c9f-1dc7-4901-b555-f2f8d591d165" />
      <TestMethod codeBase="D:\RiderProjects\GenesisEngine\projects\Genesis\tests\Genesis.Toolchain.Tests\bin\Release\net11.0\Genesis.Toolchain.Tests.dll" adapterTypeName="executor://xunit/VsTestRunner3/netcore/" className="Genesis.Toolchain.Tests.ScriptFormatHandlerTests" name="ScriptData_WithValues_Preserved" />
    </UnitTest>
    <UnitTest name="Genesis.Toolchain.Tests.FormatRegistryIntegrationTests.GetHandler_ByPath_GonFile_NoMatchInScriptOrShader" storage="d:\riderprojects\genesisengine\projects\genesis\tests\genesis.toolchain.tests\bin\release\net11.0\genesis.toolchain.tests.dll" id="83748ce4-4c21-79e9-1ba9-6e6cb099ab37">
      <Execution id="9a40d612-d08e-41e5-98e6-22097ea71efd" />
      <TestMethod codeBase="D:\RiderProjects\GenesisEngine\projects\Genesis\tests\Genesis.Toolchain.Tests\bin\Release\net11.0\Genesis.Toolchain.Tests.dll" adapterTypeName="executor://xunit/VsTestRunner3/netcore/" className="Genesis.Toolchain.Tests.FormatRegistryIntegrationTests" name="GetHandler_ByPath_GonFile_NoMatchInScriptOrShader" />
    </UnitTest>
    <UnitTest name="Genesis.Toolchain.Tests.GenesisBuildPipelineTests.BuildAsync_WithoutInitialize_ThrowsInvalidOperationException" storage="d:\riderprojects\genesisengine\projects\genesis\tests\genesis.toolchain.tests\bin\release\net11.0\genesis.toolchain.tests.dll" id="2c19665b-1f91-2a42-cea5-a8a6912a1f2e">
      <Execution id="9542cfc5-8d63-4256-afd5-093e8b2bd8aa" />
      <TestMethod codeBase="D:\RiderProjects\GenesisEngine\projects\Genesis\tests\Genesis.Toolchain.Tests\bin\Release\net11.0\Genesis.Toolchain.Tests.dll" adapterTypeName="executor://xunit/VsTestRunner3/netcore/" className="Genesis.Toolchain.Tests.GenesisBuildPipelineTests" name="BuildAsync_WithoutInitialize_ThrowsInvalidOperationException" />
    </UnitTest>
    <UnitTest name="Genesis.Toolchain.Tests.ShaderFormatHandlerTests.CanHandle_NonShaderExtensions_ReturnsFalse(path: &quot;test.png&quot;)" storage="d:\riderprojects\genesisengine\projects\genesis\tests\genesis.toolchain.tests\bin\release\net11.0\genesis.toolchain.tests.dll" id="e38e9b7e-1b0f-e32a-a700-1761b7d83ee6">
      <Execution id="75d02be9-ed00-4ce5-bd1c-91012fea29b4" />
      <TestMethod codeBase="D:\RiderProjects\GenesisEngine\projects\Genesis\tests\Genesis.Toolchain.Tests\bin\Release\net11.0\Genesis.Toolchain.Tests.dll" adapterTypeName="executor://xunit/VsTestRunner3/netcore/" className="Genesis.Toolchain.Tests.ShaderFormatHandlerTests" name="CanHandle_NonShaderExtensions_ReturnsFalse" />
    </UnitTest>
    <UnitTest name="Genesis.Toolchain.Tests.ScriptFormatHandlerTests.CanHandle_NonScriptExtensions_ReturnsFalse(path: &quot;test.txt&quot;)" storage="d:\riderprojects\genesisengine\projects\genesis\tests\genesis.toolchain.tests\bin\release\net11.0\genesis.toolchain.tests.dll" id="2ca734de-914d-e027-c7e8-ef77b177c9a9">
      <Execution id="50197feb-0921-4af0-90d4-f797b8ca39da" />
      <TestMethod codeBase="D:\RiderProjects\GenesisEngine\projects\Genesis\tests\Genesis.Toolchain.Tests\bin\Release\net11.0\Genesis.Toolchain.Tests.dll" adapterTypeName="executor://xunit/VsTestRunner3/netcore/" className="Genesis.Toolchain.Tests.ScriptFormatHandlerTests" name="CanHandle_NonScriptExtensions_ReturnsFalse" />
    </UnitTest>
    <UnitTest name="Genesis.Toolchain.Tests.FormatRegistryIntegrationTests.RegisterAllGenesisHandlers_AllDiscoverable" storage="d:\riderprojects\genesisengine\projects\genesis\tests\genesis.toolchain.tests\bin\release\net11.0\genesis.toolchain.tests.dll" id="ab4e468a-7082-f452-e1d5-6b061115687a">
      <Execution id="63093a8b-8b6f-4ef3-a770-6d04dbaf377e" />
      <TestMethod codeBase="D:\RiderProjects\GenesisEngine\projects\Genesis\tests\Genesis.Toolchain.Tests\bin\Release\net11.0\Genesis.Toolchain.Tests.dll" adapterTypeName="executor://xunit/VsTestRunner3/netcore/" className="Genesis.Toolchain.Tests.FormatRegistryIntegrationTests" name="RegisterAllGenesisHandlers_AllDiscoverable" />
    </UnitTest>
    <UnitTest name="Genesis.Toolchain.Tests.GenesisBuildPipelineTests.Constructor_NullFormatRegistry_ThrowsArgumentNullException" storage="d:\riderprojects\genesisengine\projects\genesis\tests\genesis.toolchain.tests\bin\release\net11.0\genesis.toolchain.tests.dll" id="1b6bc129-224c-6255-6c17-7f7fbaef96c6">
      <Execution id="c6e3ff7c-cc85-4c49-b87a-741e6a5961fa" />
      <TestMethod codeBase="D:\RiderProjects\GenesisEngine\projects\Genesis\tests\Genesis.Toolchain.Tests\bin\Release\net11.0\Genesis.Toolchain.Tests.dll" adapterTypeName="executor://xunit/VsTestRunner3/netcore/" className="Genesis.Toolchain.Tests.GenesisBuildPipelineTests" name="Constructor_NullFormatRegistry_ThrowsArgumentNullException" />
    </UnitTest>
    <UnitTest name="Genesis.Toolchain.Tests.FormatRegistryIntegrationTests.GetHandler_ByPath_ShaderFile_ReturnsShaderHandler" storage="d:\riderprojects\genesisengine\projects\genesis\tests\genesis.toolchain.tests\bin\release\net11.0\genesis.toolchain.tests.dll" id="1a0695eb-7f75-b214-ce81-f3ace45ee4a4">
      <Execution id="9b679e6d-7fe7-4ee2-9648-c651a0af9ad9" />
      <TestMethod codeBase="D:\RiderProjects\GenesisEngine\projects\Genesis\tests\Genesis.Toolchain.Tests\bin\Release\net11.0\Genesis.Toolchain.Tests.dll" adapterTypeName="executor://xunit/VsTestRunner3/netcore/" className="Genesis.Toolchain.Tests.FormatRegistryIntegrationTests" name="GetHandler_ByPath_ShaderFile_ReturnsShaderHandler" />
    </UnitTest>
    <UnitTest name="Genesis.Toolchain.Tests.ShaderFormatHandlerTests.ValidateAsync_NonExistentFile_ReturnsFalse" storage="d:\riderprojects\genesisengine\projects\genesis\tests\genesis.toolchain.tests\bin\release\net11.0\genesis.toolchain.tests.dll" id="03d847dd-b5d5-f70f-48fe-cdb5fa607f4f">
      <Execution id="ee120ee2-1d16-4090-82dc-136b6a44b011" />
      <TestMethod codeBase="D:\RiderProjects\GenesisEngine\projects\Genesis\tests\Genesis.Toolchain.Tests\bin\Release\net11.0\Genesis.Toolchain.Tests.dll" adapterTypeName="executor://xunit/VsTestRunner3/netcore/" className="Genesis.Toolchain.Tests.ShaderFormatHandlerTests" name="ValidateAsync_NonExistentFile_ReturnsFalse" />
    </UnitTest>
    <UnitTest name="Genesis.Toolchain.Tests.ShaderFormatHandlerTests.CanHandle_ShaderExtensions_ReturnsTrue(path: &quot;path/to/belt.shader&quot;)" storage="d:\riderprojects\genesisengine\projects\genesis\tests\genesis.toolchain.tests\bin\release\net11.0\genesis.toolchain.tests.dll" id="f1c7ef96-3b65-0ae1-f148-73b453098b7d">
      <Execution id="8813c747-2c7d-4f71-8dd8-e4bcdcf311d6" />
      <TestMethod codeBase="D:\RiderProjects\GenesisEngine\projects\Genesis\tests\Genesis.Toolchain.Tests\bin\Release\net11.0\Genesis.Toolchain.Tests.dll" adapterTypeName="executor://xunit/VsTestRunner3/netcore/" className="Genesis.Toolchain.Tests.ShaderFormatHandlerTests" name="CanHandle_ShaderExtensions_ReturnsTrue" />
    </UnitTest>
    <UnitTest name="Genesis.Toolchain.Tests.ScriptFormatHandlerTests.ValidateAsync_NonExistentFile_ReturnsFalse" storage="d:\riderprojects\genesisengine\projects\genesis\tests\genesis.toolchain.tests\bin\release\net11.0\genesis.toolchain.tests.dll" id="6ea3e9cf-9510-ab7d-fd23-b61929a9868f">
      <Execution id="90ac1797-12e7-4336-85ce-d70acf96a9d6" />
      <TestMethod codeBase="D:\RiderProjects\GenesisEngine\projects\Genesis\tests\Genesis.Toolchain.Tests\bin\Release\net11.0\Genesis.Toolchain.Tests.dll" adapterTypeName="executor://xunit/VsTestRunner3/netcore/" className="Genesis.Toolchain.Tests.ScriptFormatHandlerTests" name="ValidateAsync_NonExistentFile_ReturnsFalse" />
    </UnitTest>
    <UnitTest name="Genesis.Toolchain.Tests.ShaderFormatHandlerTests.CanHandle_NonShaderExtensions_ReturnsFalse(path: &quot;test.gon&quot;)" storage="d:\riderprojects\genesisengine\projects\genesis\tests\genesis.toolchain.tests\bin\release\net11.0\genesis.toolchain.tests.dll" id="56f6c1bc-6d35-3bbf-0c2a-31114eced112">
      <Execution id="a7c8d37b-b053-4774-b048-f487f11fe39d" />
      <TestMethod codeBase="D:\RiderProjects\GenesisEngine\projects\Genesis\tests\Genesis.Toolchain.Tests\bin\Release\net11.0\Genesis.Toolchain.Tests.dll" adapterTypeName="executor://xunit/VsTestRunner3/netcore/" className="Genesis.Toolchain.Tests.ShaderFormatHandlerTests" name="CanHandle_NonShaderExtensions_ReturnsFalse" />
    </UnitTest>
    <UnitTest name="Genesis.Toolchain.Tests.GenesisBuildOptionsTests.CustomValues_ArePreserved" storage="d:\riderprojects\genesisengine\projects\genesis\tests\genesis.toolchain.tests\bin\release\net11.0\genesis.toolchain.tests.dll" id="59b14fee-0174-f757-71f2-c52a3a1fa95c">
      <Execution id="0b85073b-4d44-49da-b341-ada3ee4d7846" />
      <TestMethod codeBase="D:\RiderProjects\GenesisEngine\projects\Genesis\tests\Genesis.Toolchain.Tests\bin\Release\net11.0\Genesis.Toolchain.Tests.dll" adapterTypeName="executor://xunit/VsTestRunner3/netcore/" className="Genesis.Toolchain.Tests.GenesisBuildOptionsTests" name="CustomValues_ArePreserved" />
    </UnitTest>
    <UnitTest name="Genesis.Toolchain.Tests.ShaderFormatHandlerTests.ShaderData_DefaultValues_AreCorrect" storage="d:\riderprojects\genesisengine\projects\genesis\tests\genesis.toolchain.tests\bin\release\net11.0\genesis.toolchain.tests.dll" id="8782a028-8179-505c-88f4-5f4c48a93603">
      <Execution id="0cf8d836-d2a9-4f00-b89e-19fb8703fa3f" />
      <TestMethod codeBase="D:\RiderProjects\GenesisEngine\projects\Genesis\tests\Genesis.Toolchain.Tests\bin\Release\net11.0\Genesis.Toolchain.Tests.dll" adapterTypeName="executor://xunit/VsTestRunner3/netcore/" className="Genesis.Toolchain.Tests.ShaderFormatHandlerTests" name="ShaderData_DefaultValues_AreCorrect" />
    </UnitTest>
    <UnitTest name="Genesis.Toolchain.Tests.GenesisBuildResultTests.HasErrors_WithFailedAssets_ReturnsTrue" storage="d:\riderprojects\genesisengine\projects\genesis\tests\genesis.toolchain.tests\bin\release\net11.0\genesis.toolchain.tests.dll" id="489d3624-f869-af41-e5e6-ad1892889093">
      <Execution id="1ce9ae3a-4bc8-4e1e-be46-017bec8bb585" />
      <TestMethod codeBase="D:\RiderProjects\GenesisEngine\projects\Genesis\tests\Genesis.Toolchain.Tests\bin\Release\net11.0\Genesis.Toolchain.Tests.dll" adapterTypeName="executor://xunit/VsTestRunner3/netcore/" className="Genesis.Toolchain.Tests.GenesisBuildResultTests" name="HasErrors_WithFailedAssets_ReturnsTrue" />
    </UnitTest>
    <UnitTest name="Genesis.Toolchain.Tests.ShaderFormatHandlerTests.SupportedFormat_IsShader" storage="d:\riderprojects\genesisengine\projects\genesis\tests\genesis.toolchain.tests\bin\release\net11.0\genesis.toolchain.tests.dll" id="c9c260d1-2111-49e9-964f-82e5b8fb49e0">
      <Execution id="969cdb55-1177-4c57-a2b2-af9e40442492" />
      <TestMethod codeBase="D:\RiderProjects\GenesisEngine\projects\Genesis\tests\Genesis.Toolchain.Tests\bin\Release\net11.0\Genesis.Toolchain.Tests.dll" adapterTypeName="executor://xunit/VsTestRunner3/netcore/" className="Genesis.Toolchain.Tests.ShaderFormatHandlerTests" name="SupportedFormat_IsShader" />
    </UnitTest>
    <UnitTest name="Genesis.Toolchain.Tests.ScriptFormatHandlerTests.CanHandle_ScriptExtensions_ReturnsTrue(path: &quot;test.ggscript&quot;)" storage="d:\riderprojects\genesisengine\projects\genesis\tests\genesis.toolchain.tests\bin\release\net11.0\genesis.toolchain.tests.dll" id="bd2cc2d0-15ce-d5cf-1120-3bb9c5aa80f4">
      <Execution id="7ed40f5b-949b-4661-9697-c79d80078a51" />
      <TestMethod codeBase="D:\RiderProjects\GenesisEngine\projects\Genesis\tests\Genesis.Toolchain.Tests\bin\Release\net11.0\Genesis.Toolchain.Tests.dll" adapterTypeName="executor://xunit/VsTestRunner3/netcore/" className="Genesis.Toolchain.Tests.ScriptFormatHandlerTests" name="CanHandle_ScriptExtensions_ReturnsTrue" />
    </UnitTest>
    <UnitTest name="Genesis.Toolchain.Tests.GenesisBuildResultTests.TotalDuration_IsRecorded" storage="d:\riderprojects\genesisengine\projects\genesis\tests\genesis.toolchain.tests\bin\release\net11.0\genesis.toolchain.tests.dll" id="f21fb96a-c301-1848-e631-f26b2bbcb7e2">
      <Execution id="3a670f4e-8160-4577-9b58-fb16cdf57801" />
      <TestMethod codeBase="D:\RiderProjects\GenesisEngine\projects\Genesis\tests\Genesis.Toolchain.Tests\bin\Release\net11.0\Genesis.Toolchain.Tests.dll" adapterTypeName="executor://xunit/VsTestRunner3/netcore/" className="Genesis.Toolchain.Tests.GenesisBuildResultTests" name="TotalDuration_IsRecorded" />
    </UnitTest>
    <UnitTest name="Genesis.Toolchain.Tests.ScriptFormatHandlerTests.CanHandle_ScriptExtensions_ReturnsTrue(path: &quot;test.script&quot;)" storage="d:\riderprojects\genesisengine\projects\genesis\tests\genesis.toolchain.tests\bin\release\net11.0\genesis.toolchain.tests.dll" id="5c1b4c8b-dc00-4d1d-0c10-57a45c0e1738">
      <Execution id="6f1872b3-cf7f-4ff0-9f90-fa145c40e618" />
      <TestMethod codeBase="D:\RiderProjects\GenesisEngine\projects\Genesis\tests\Genesis.Toolchain.Tests\bin\Release\net11.0\Genesis.Toolchain.Tests.dll" adapterTypeName="executor://xunit/VsTestRunner3/netcore/" className="Genesis.Toolchain.Tests.ScriptFormatHandlerTests" name="CanHandle_ScriptExtensions_ReturnsTrue" />
    </UnitTest>
    <UnitTest name="Genesis.Toolchain.Tests.ScriptFormatHandlerTests.ScriptData_DefaultValues_AreCorrect" storage="d:\riderprojects\genesisengine\projects\genesis\tests\genesis.toolchain.tests\bin\release\net11.0\genesis.toolchain.tests.dll" id="4941fada-bce0-b3c8-6b48-d55678cba4fb">
      <Execution id="a63b88ab-ccc6-4c2c-a10d-85f8e7a48f47" />
      <TestMethod codeBase="D:\RiderProjects\GenesisEngine\projects\Genesis\tests\Genesis.Toolchain.Tests\bin\Release\net11.0\Genesis.Toolchain.Tests.dll" adapterTypeName="executor://xunit/VsTestRunner3/netcore/" className="Genesis.Toolchain.Tests.ScriptFormatHandlerTests" name="ScriptData_DefaultValues_AreCorrect" />
    </UnitTest>
    <UnitTest name="Genesis.Toolchain.Tests.GenesisBuildResultTests.IsSuccess_WithFailures_ReturnsFalse" storage="d:\riderprojects\genesisengine\projects\genesis\tests\genesis.toolchain.tests\bin\release\net11.0\genesis.toolchain.tests.dll" id="0bf6aae5-eb65-1ff0-6ea7-6f1b0813dc88">
      <Execution id="c3e84ef1-c4aa-4941-8c09-386b09ca222e" />
      <TestMethod codeBase="D:\RiderProjects\GenesisEngine\projects\Genesis\tests\Genesis.Toolchain.Tests\bin\Release\net11.0\Genesis.Toolchain.Tests.dll" adapterTypeName="executor://xunit/VsTestRunner3/netcore/" className="Genesis.Toolchain.Tests.GenesisBuildResultTests" name="IsSuccess_WithFailures_ReturnsFalse" />
    </UnitTest>
    <UnitTest name="Genesis.Toolchain.Tests.ShaderFormatHandlerTests.ShaderData_WithValues_Preserved" storage="d:\riderprojects\genesisengine\projects\genesis\tests\genesis.toolchain.tests\bin\release\net11.0\genesis.toolchain.tests.dll" id="566c985f-f4a9-96bc-2f04-3241f9203ed1">
      <Execution id="eea849e9-3df5-4c23-90da-3980a091717e" />
      <TestMethod codeBase="D:\RiderProjects\GenesisEngine\projects\Genesis\tests\Genesis.Toolchain.Tests\bin\Release\net11.0\Genesis.Toolchain.Tests.dll" adapterTypeName="executor://xunit/VsTestRunner3/netcore/" className="Genesis.Toolchain.Tests.ShaderFormatHandlerTests" name="ShaderData_WithValues_Preserved" />
    </UnitTest>
    <UnitTest name="Genesis.Toolchain.Tests.ShaderFormatHandlerTests.CanHandle_ShaderExtensions_ReturnsTrue(path: &quot;test.ggshader&quot;)" storage="d:\riderprojects\genesisengine\projects\genesis\tests\genesis.toolchain.tests\bin\release\net11.0\genesis.toolchain.tests.dll" id="a4bf06fd-4a17-14dc-d820-287f475039c4">
      <Execution id="37a24bbe-032e-46f7-a7f3-024313e14178" />
      <TestMethod codeBase="D:\RiderProjects\GenesisEngine\projects\Genesis\tests\Genesis.Toolchain.Tests\bin\Release\net11.0\Genesis.Toolchain.Tests.dll" adapterTypeName="executor://xunit/VsTestRunner3/netcore/" className="Genesis.Toolchain.Tests.ShaderFormatHandlerTests" name="CanHandle_ShaderExtensions_ReturnsTrue" />
    </UnitTest>
    <UnitTest name="Genesis.Toolchain.Tests.ShaderFormatHandlerTests.CanHandle_NonShaderExtensions_ReturnsFalse(path: &quot;test.cs&quot;)" storage="d:\riderprojects\genesisengine\projects\genesis\tests\genesis.toolchain.tests\bin\release\net11.0\genesis.toolchain.tests.dll" id="cff5db6c-19f8-8a6d-09c4-61eb5e83dca8">
      <Execution id="86c57ead-3c57-4471-8700-7d08c8599120" />
      <TestMethod codeBase="D:\RiderProjects\GenesisEngine\projects\Genesis\tests\Genesis.Toolchain.Tests\bin\Release\net11.0\Genesis.Toolchain.Tests.dll" adapterTypeName="executor://xunit/VsTestRunner3/netcore/" className="Genesis.Toolchain.Tests.ShaderFormatHandlerTests" name="CanHandle_NonShaderExtensions_ReturnsFalse" />
    </UnitTest>
    <UnitTest name="Genesis.Toolchain.Tests.GenesisProjectBuilderTests.Constructor_NullFormatRegistry_ThrowsArgumentNullException" storage="d:\riderprojects\genesisengine\projects\genesis\tests\genesis.toolchain.tests\bin\release\net11.0\genesis.toolchain.tests.dll" id="22b36353-dc5d-0c30-347d-ba664783dc96">
      <Execution id="76f91163-3445-4578-9f03-81476fe992e5" />
      <TestMethod codeBase="D:\RiderProjects\GenesisEngine\projects\Genesis\tests\Genesis.Toolchain.Tests\bin\Release\net11.0\Genesis.Toolchain.Tests.dll" adapterTypeName="executor://xunit/VsTestRunner3/netcore/" className="Genesis.Toolchain.Tests.GenesisProjectBuilderTests" name="Constructor_NullFormatRegistry_ThrowsArgumentNullException" />
    </UnitTest>
    <UnitTest name="Genesis.Toolchain.Tests.ScriptFormatHandlerTests.CanHandle_ScriptExtensions_ReturnsTrue(path: &quot;path/to/my_system.script&quot;)" storage="d:\riderprojects\genesisengine\projects\genesis\tests\genesis.toolchain.tests\bin\release\net11.0\genesis.toolchain.tests.dll" id="624fa080-2366-966d-60a3-4ce4ef3efa05">
      <Execution id="4df1c7cc-ba06-4cc8-9801-93f89dea3f62" />
      <TestMethod codeBase="D:\RiderProjects\GenesisEngine\projects\Genesis\tests\Genesis.Toolchain.Tests\bin\Release\net11.0\Genesis.Toolchain.Tests.dll" adapterTypeName="executor://xunit/VsTestRunner3/netcore/" className="Genesis.Toolchain.Tests.ScriptFormatHandlerTests" name="CanHandle_ScriptExtensions_ReturnsTrue" />
    </UnitTest>
    <UnitTest name="Genesis.Toolchain.Tests.GenesisBuildOptionsTests.AllPlatformTypes_CanBeSet" storage="d:\riderprojects\genesisengine\projects\genesis\tests\genesis.toolchain.tests\bin\release\net11.0\genesis.toolchain.tests.dll" id="96644f39-d889-33b7-e9b9-0927a6d8b6cc">
      <Execution id="790d7cd5-ca9c-4a78-95f5-bb75a0b4af23" />
      <TestMethod codeBase="D:\RiderProjects\GenesisEngine\projects\Genesis\tests\Genesis.Toolchain.Tests\bin\Release\net11.0\Genesis.Toolchain.Tests.dll" adapterTypeName="executor://xunit/VsTestRunner3/netcore/" className="Genesis.Toolchain.Tests.GenesisBuildOptionsTests" name="AllPlatformTypes_CanBeSet" />
    </UnitTest>
    <UnitTest name="Genesis.Toolchain.Tests.ScriptFormatHandlerTests.CanHandle_ScriptExtensions_ReturnsTrue(path: &quot;test.gnosis-script&quot;)" storage="d:\riderprojects\genesisengine\projects\genesis\tests\genesis.toolchain.tests\bin\release\net11.0\genesis.toolchain.tests.dll" id="7c7b5edb-7a68-5126-5f98-7aef08958162">
      <Execution id="32f62b06-d5ee-4e5b-b6e1-d8f6b3c745fe" />
      <TestMethod codeBase="D:\RiderProjects\GenesisEngine\projects\Genesis\tests\Genesis.Toolchain.Tests\bin\Release\net11.0\Genesis.Toolchain.Tests.dll" adapterTypeName="executor://xunit/VsTestRunner3/netcore/" className="Genesis.Toolchain.Tests.ScriptFormatHandlerTests" name="CanHandle_ScriptExtensions_ReturnsTrue" />
    </UnitTest>
    <UnitTest name="Genesis.Toolchain.Tests.GenesisBuildOptionsTests.DefaultValues_AreCorrect" storage="d:\riderprojects\genesisengine\projects\genesis\tests\genesis.toolchain.tests\bin\release\net11.0\genesis.toolchain.tests.dll" id="aaaa2930-5bec-f7e1-3ab7-84c9568db7ca">
      <Execution id="6ff522e7-4136-4b62-8ef0-752c7a29b8a3" />
      <TestMethod codeBase="D:\RiderProjects\GenesisEngine\projects\Genesis\tests\Genesis.Toolchain.Tests\bin\Release\net11.0\Genesis.Toolchain.Tests.dll" adapterTypeName="executor://xunit/VsTestRunner3/netcore/" className="Genesis.Toolchain.Tests.GenesisBuildOptionsTests" name="DefaultValues_AreCorrect" />
    </UnitTest>
    <UnitTest name="Genesis.Toolchain.Tests.ShaderFormatHandlerTests.CanHandle_ShaderExtensions_ReturnsTrue(path: &quot;test.gnosis-shader&quot;)" storage="d:\riderprojects\genesisengine\projects\genesis\tests\genesis.toolchain.tests\bin\release\net11.0\genesis.toolchain.tests.dll" id="6d8dbb75-f0f6-ecc2-7515-2f4bc835ea47">
      <Execution id="78a749b2-bccc-4424-ba72-219e68a4f2b4" />
      <TestMethod codeBase="D:\RiderProjects\GenesisEngine\projects\Genesis\tests\Genesis.Toolchain.Tests\bin\Release\net11.0\Genesis.Toolchain.Tests.dll" adapterTypeName="executor://xunit/VsTestRunner3/netcore/" className="Genesis.Toolchain.Tests.ShaderFormatHandlerTests" name="CanHandle_ShaderExtensions_ReturnsTrue" />
    </UnitTest>
    <UnitTest name="Genesis.Toolchain.Tests.ScriptFormatHandlerTests.CanHandle_NonScriptExtensions_ReturnsFalse(path: &quot;test.shader&quot;)" storage="d:\riderprojects\genesisengine\projects\genesis\tests\genesis.toolchain.tests\bin\release\net11.0\genesis.toolchain.tests.dll" id="3ca73a89-d3cf-1eb2-75b8-2159b9de9728">
      <Execution id="1daa8409-bcf0-4e9a-bc04-ba1f2494d8d0" />
      <TestMethod codeBase="D:\RiderProjects\GenesisEngine\projects\Genesis\tests\Genesis.Toolchain.Tests\bin\Release\net11.0\Genesis.Toolchain.Tests.dll" adapterTypeName="executor://xunit/VsTestRunner3/netcore/" className="Genesis.Toolchain.Tests.ScriptFormatHandlerTests" name="CanHandle_NonScriptExtensions_ReturnsFalse" />
    </UnitTest>
  </TestDefinitions>
  <TestEntries>
    <TestEntry testId="f21fb96a-c301-1848-e631-f26b2bbcb7e2" executionId="3a670f4e-8160-4577-9b58-fb16cdf57801" testListId="8c84fa94-04c1-424b-9868-57a2d4851a1d" />
    <TestEntry testId="d7637166-e0ff-5b57-a0c9-8565d3c23b6d" executionId="424d9ad6-28a3-47b2-aea5-0d9ca249f57f" testListId="8c84fa94-04c1-424b-9868-57a2d4851a1d" />
    <TestEntry testId="8782a028-8179-505c-88f4-5f4c48a93603" executionId="0cf8d836-d2a9-4f00-b89e-19fb8703fa3f" testListId="8c84fa94-04c1-424b-9868-57a2d4851a1d" />
    <TestEntry testId="e38e9b7e-1b0f-e32a-a700-1761b7d83ee6" executionId="75d02be9-ed00-4ce5-bd1c-91012fea29b4" testListId="8c84fa94-04c1-424b-9868-57a2d4851a1d" />
    <TestEntry testId="123010fb-d326-6831-6475-f883aefa299a" executionId="625ed4c9-fa3c-4d61-9623-f63eec3f0b48" testListId="8c84fa94-04c1-424b-9868-57a2d4851a1d" />
    <TestEntry testId="2b62fef5-2d6c-798f-e3b8-7a1ca2878d74" executionId="69524017-07fc-432d-bb14-9a3acad791aa" testListId="8c84fa94-04c1-424b-9868-57a2d4851a1d" />
    <TestEntry testId="cd4b70c9-b5a9-5106-24e9-94d6ef94eee8" executionId="a6746118-783e-494b-a4c8-8ccd1748f570" testListId="8c84fa94-04c1-424b-9868-57a2d4851a1d" />
    <TestEntry testId="22b36353-dc5d-0c30-347d-ba664783dc96" executionId="76f91163-3445-4578-9f03-81476fe992e5" testListId="8c84fa94-04c1-424b-9868-57a2d4851a1d" />
    <TestEntry testId="bcbb6c3f-6aab-25a6-ee74-33e75bc4cc9b" executionId="d8e97525-8417-452a-8bf7-0261c568bcc6" testListId="8c84fa94-04c1-424b-9868-57a2d4851a1d" />
    <TestEntry testId="0bf6aae5-eb65-1ff0-6ea7-6f1b0813dc88" executionId="c3e84ef1-c4aa-4941-8c09-386b09ca222e" testListId="8c84fa94-04c1-424b-9868-57a2d4851a1d" />
    <TestEntry testId="90b19c9f-ff1d-e3ab-989c-97675a6849c8" executionId="15a0153c-93bf-4309-97f3-b0a1c8327a5f" testListId="8c84fa94-04c1-424b-9868-57a2d4851a1d" />
    <TestEntry testId="ab4e468a-7082-f452-e1d5-6b061115687a" executionId="63093a8b-8b6f-4ef3-a770-6d04dbaf377e" testListId="8c84fa94-04c1-424b-9868-57a2d4851a1d" />
    <TestEntry testId="a4bf06fd-4a17-14dc-d820-287f475039c4" executionId="37a24bbe-032e-46f7-a7f3-024313e14178" testListId="8c84fa94-04c1-424b-9868-57a2d4851a1d" />
    <TestEntry testId="aaaa2930-5bec-f7e1-3ab7-84c9568db7ca" executionId="6ff522e7-4136-4b62-8ef0-752c7a29b8a3" testListId="8c84fa94-04c1-424b-9868-57a2d4851a1d" />
    <TestEntry testId="489d3624-f869-af41-e5e6-ad1892889093" executionId="1ce9ae3a-4bc8-4e1e-be46-017bec8bb585" testListId="8c84fa94-04c1-424b-9868-57a2d4851a1d" />
    <TestEntry testId="e666defc-2806-92fa-754b-ccd5d1ee507c" executionId="41ce02b6-1c65-4c9c-8b82-5198b150c5b9" testListId="8c84fa94-04c1-424b-9868-57a2d4851a1d" />
    <TestEntry testId="624fa080-2366-966d-60a3-4ce4ef3efa05" executionId="4df1c7cc-ba06-4cc8-9801-93f89dea3f62" testListId="8c84fa94-04c1-424b-9868-57a2d4851a1d" />
    <TestEntry testId="f1c7ef96-3b65-0ae1-f148-73b453098b7d" executionId="8813c747-2c7d-4f71-8dd8-e4bcdcf311d6" testListId="8c84fa94-04c1-424b-9868-57a2d4851a1d" />
    <TestEntry testId="96644f39-d889-33b7-e9b9-0927a6d8b6cc" executionId="790d7cd5-ca9c-4a78-95f5-bb75a0b4af23" testListId="8c84fa94-04c1-424b-9868-57a2d4851a1d" />
    <TestEntry testId="83748ce4-4c21-79e9-1ba9-6e6cb099ab37" executionId="9a40d612-d08e-41e5-98e6-22097ea71efd" testListId="8c84fa94-04c1-424b-9868-57a2d4851a1d" />
    <TestEntry testId="16b46eb4-5fb5-ba7f-cc6d-f3f2f5306327" executionId="1da14572-33ba-45cf-b52f-3b5b5f313ed6" testListId="8c84fa94-04c1-424b-9868-57a2d4851a1d" />
    <TestEntry testId="bd2cc2d0-15ce-d5cf-1120-3bb9c5aa80f4" executionId="7ed40f5b-949b-4661-9697-c79d80078a51" testListId="8c84fa94-04c1-424b-9868-57a2d4851a1d" />
    <TestEntry testId="59b14fee-0174-f757-71f2-c52a3a1fa95c" executionId="0b85073b-4d44-49da-b341-ada3ee4d7846" testListId="8c84fa94-04c1-424b-9868-57a2d4851a1d" />
    <TestEntry testId="1b6bc129-224c-6255-6c17-7f7fbaef96c6" executionId="c6e3ff7c-cc85-4c49-b87a-741e6a5961fa" testListId="8c84fa94-04c1-424b-9868-57a2d4851a1d" />
    <TestEntry testId="5c1b4c8b-dc00-4d1d-0c10-57a45c0e1738" executionId="6f1872b3-cf7f-4ff0-9f90-fa145c40e618" testListId="8c84fa94-04c1-424b-9868-57a2d4851a1d" />
    <TestEntry testId="01b309c9-24da-1a17-27cc-041f3d0e342e" executionId="b30bfe6b-ec2b-443e-aecd-c71e481f7539" testListId="8c84fa94-04c1-424b-9868-57a2d4851a1d" />
    <TestEntry testId="2c19665b-1f91-2a42-cea5-a8a6912a1f2e" executionId="9542cfc5-8d63-4256-afd5-093e8b2bd8aa" testListId="8c84fa94-04c1-424b-9868-57a2d4851a1d" />
    <TestEntry testId="87a96493-7402-0c03-9c0f-3ef106bd06a7" executionId="ca960c9f-1dc7-4901-b555-f2f8d591d165" testListId="8c84fa94-04c1-424b-9868-57a2d4851a1d" />
    <TestEntry testId="6d8dbb75-f0f6-ecc2-7515-2f4bc835ea47" executionId="78a749b2-bccc-4424-ba72-219e68a4f2b4" testListId="8c84fa94-04c1-424b-9868-57a2d4851a1d" />
    <TestEntry testId="cff5db6c-19f8-8a6d-09c4-61eb5e83dca8" executionId="86c57ead-3c57-4471-8700-7d08c8599120" testListId="8c84fa94-04c1-424b-9868-57a2d4851a1d" />
    <TestEntry testId="1a0695eb-7f75-b214-ce81-f3ace45ee4a4" executionId="9b679e6d-7fe7-4ee2-9648-c651a0af9ad9" testListId="8c84fa94-04c1-424b-9868-57a2d4851a1d" />
    <TestEntry testId="566c985f-f4a9-96bc-2f04-3241f9203ed1" executionId="eea849e9-3df5-4c23-90da-3980a091717e" testListId="8c84fa94-04c1-424b-9868-57a2d4851a1d" />
    <TestEntry testId="2ca734de-914d-e027-c7e8-ef77b177c9a9" executionId="50197feb-0921-4af0-90d4-f797b8ca39da" testListId="8c84fa94-04c1-424b-9868-57a2d4851a1d" />
    <TestEntry testId="03d847dd-b5d5-f70f-48fe-cdb5fa607f4f" executionId="ee120ee2-1d16-4090-82dc-136b6a44b011" testListId="8c84fa94-04c1-424b-9868-57a2d4851a1d" />
    <TestEntry testId="7c7b5edb-7a68-5126-5f98-7aef08958162" executionId="32f62b06-d5ee-4e5b-b6e1-d8f6b3c745fe" testListId="8c84fa94-04c1-424b-9868-57a2d4851a1d" />
    <TestEntry testId="c9c260d1-2111-49e9-964f-82e5b8fb49e0" executionId="969cdb55-1177-4c57-a2b2-af9e40442492" testListId="8c84fa94-04c1-424b-9868-57a2d4851a1d" />
    <TestEntry testId="3ca73a89-d3cf-1eb2-75b8-2159b9de9728" executionId="1daa8409-bcf0-4e9a-bc04-ba1f2494d8d0" testListId="8c84fa94-04c1-424b-9868-57a2d4851a1d" />
    <TestEntry testId="6ea3e9cf-9510-ab7d-fd23-b61929a9868f" executionId="90ac1797-12e7-4336-85ce-d70acf96a9d6" testListId="8c84fa94-04c1-424b-9868-57a2d4851a1d" />
    <TestEntry testId="4941fada-bce0-b3c8-6b48-d55678cba4fb" executionId="a63b88ab-ccc6-4c2c-a10d-85f8e7a48f47" testListId="8c84fa94-04c1-424b-9868-57a2d4851a1d" />
    <TestEntry testId="56f6c1bc-6d35-3bbf-0c2a-31114eced112" executionId="a7c8d37b-b053-4774-b048-f487f11fe39d" testListId="8c84fa94-04c1-424b-9868-57a2d4851a1d" />
    <TestEntry testId="73d1763e-10ee-4483-6c18-53f542c48da4" executionId="6d4fb6b7-d876-4bbe-9e8f-24abd00985dc" testListId="8c84fa94-04c1-424b-9868-57a2d4851a1d" />
  </TestEntries>
  <TestLists>
    <TestList name="列表中未列出的结果" id="8c84fa94-04c1-424b-9868-57a2d4851a1d" />
    <TestList name="所有已加载的结果" id="19431567-8539-422a-85d7-44ee4e166bda" />
  </TestLists>
  <ResultSummary outcome="Completed">
    <Counters total="41" executed="41" passed="41" failed="0" error="0" timeout="0" aborted="0" inconclusive="0" passedButRunAborted="0" notRunnable="0" notExecuted="0" disconnected="0" warning="0" completed="0" inProgress="0" pending="0" />
    <Output>
      <StdOut>[xUnit.net 00:00:00.00] xUnit.net VSTest Adapter v3.1.0+00ab0a9ec4 (64-bit .NET 11.0.0-preview.3.26207.106)&#xD;
[xUnit.net 00:00:00.17]   Discovering: Genesis.Toolchain.Tests&#xD;
[xUnit.net 00:00:00.26]   Discovered:  Genesis.Toolchain.Tests&#xD;
[xUnit.net 00:00:00.32]   Starting:    Genesis.Toolchain.Tests&#xD;
[xUnit.net 00:00:00.63]   Finished:    Genesis.Toolchain.Tests&#xD;
</StdOut>
    </Output>
  </ResultSummary>
</TestRun>